00:00 +0: loading C:/Users/90538/Desktop/02_Yazilim_Projeleri/gumus_not/test/core/security/encryption_service_test.dart
00:00 +0 -1: loading C:/Users/90538/Desktop/02_Yazilim_Projeleri/gumus_not/test/core/security/encryption_service_test.dart [E]
  Failed to load "C:/Users/90538/Desktop/02_Yazilim_Projeleri/gumus_not/test/core/security/encryption_service_test.dart":
  Compilation failed for testPath=C:/Users/90538/Desktop/02_Yazilim_Projeleri/gumus_not/test/core/security/encryption_service_test.dart: Error: Couldn't resolve the package 'flutter_secure_storage' in 'package:flutter_secure_storage/flutter_secure_storage.dart'.
  lib/core/security/encryption_service.dart:4:8: Error: Not found: 'package:flutter_secure_storage/flutter_secure_storage.dart'
  import 'package:flutter_secure_storage/flutter_secure_storage.dart';
         ^
  lib/core/security/encryption_service.dart:14:27: Error: Method not found: 'FlutterSecureStorage'.
    static const _storage = FlutterSecureStorage();
                            ^^^^^^^^^^^^^^^^^^^^
  .
00:00 +0 -1: Some tests failed.
